// Jest Snapshot v1, https://goo.gl/fbAQLP

exports[`Preference Menu Screen Should render without errors 1`] = `
<View
  style={
    Object {
      "alignItems": "center",
      "backgroundColor": "#2A2E43",
      "height": "100%",
      "justifyContent": "space-between",
      "width": "100%",
    }
  }
>
  <Text />
  <Text
    style={
      Object {
        "color": "#FFFFFF",
        "fontFamily": "encodeSansExpanded",
        "fontSize": 25,
        "fontWeight": "bold",
        "position": "absolute",
        "top": "15%",
      }
    }
  >
    Preferences
  </Text>
  <View
    style={
      Object {
        "bottom": "62%",
        "flexDirection": "row",
        "height": "15%",
        "justifyContent": "center",
        "position": "absolute",
        "width": "100%",
      }
    }
  >
    <View
      style={
        Object {
          "left": "5%",
          "position": "absolute",
        }
      }
    >
      <Text
        style={
          Object {
            "color": "#FFFFFF",
            "fontFamily": "encodeSansExpanded",
            "fontSize": 16,
            "fontWeight": "bold",
            "position": "absolute",
          }
        }
      >
        I am: 
      </Text>
    </View>
    <View
      accessible={true}
      focusable={true}
      isTVSelectable={true}
      onClick={[Function]}
      onResponderGrant={[Function]}
      onResponderMove={[Function]}
      onResponderRelease={[Function]}
      onResponderTerminate={[Function]}
      onResponderTerminationRequest={[Function]}
      onStartShouldSetResponder={[Function]}
      style={
        Object {
          "alignItems": "center",
          "backgroundColor": "#353A50",
          "borderBottomWidth": null,
          "borderColor": "#007aff",
          "borderLeftWidth": null,
          "borderRadius": 10,
          "borderRightWidth": null,
          "borderTopWidth": null,
          "borderWidth": undefined,
          "elevation": 0,
          "flexDirection": "row",
          "height": 80,
          "justifyContent": "center",
          "margin": "2%",
          "opacity": 1,
          "paddingBottom": 6,
          "paddingTop": 6,
          "shadowColor": null,
          "shadowOffset": null,
          "shadowOpacity": null,
          "shadowRadius": null,
          "top": "25%",
          "width": 80,
        }
      }
    >
      <Text
        style={
          Object {
            "alignContent": "center",
            "color": "#FFFFFF",
            "fontFamily": "encodeSansExpanded",
            "fontSize": 10,
            "justifyContent": "center",
            "paddingHorizontal": 10,
            "position": "absolute",
            "textAlign": "center",
            "width": "100%",
          }
        }
      >
        Graduate Student
      </Text>
    </View>
    <View
      accessible={true}
      focusable={true}
      isTVSelectable={true}
      onClick={[Function]}
      onResponderGrant={[Function]}
      onResponderMove={[Function]}
      onResponderRelease={[Function]}
      onResponderTerminate={[Function]}
      onResponderTerminationRequest={[Function]}
      onStartShouldSetResponder={[Function]}
      style={
        Object {
          "alignItems": "center",
          "backgroundColor": "#353A50",
          "borderBottomWidth": null,
          "borderColor": "#007aff",
          "borderLeftWidth": null,
          "borderRadius": 10,
          "borderRightWidth": null,
          "borderTopWidth": null,
          "borderWidth": undefined,
          "elevation": 0,
          "flexDirection": "row",
          "height": 80,
          "justifyContent": "center",
          "margin": "2%",
          "opacity": 1,
          "paddingBottom": 6,
          "paddingTop": 6,
          "shadowColor": null,
          "shadowOffset": null,
          "shadowOpacity": null,
          "shadowRadius": null,
          "top": "25%",
          "width": 80,
        }
      }
    >
      <Text
        style={
          Object {
            "alignContent": "center",
            "color": "#FFFFFF",
            "fontFamily": "encodeSansExpanded",
            "fontSize": 10,
            "justifyContent": "center",
            "paddingHorizontal": 10,
            "position": "absolute",
            "textAlign": "center",
            "width": "100%",
          }
        }
      >
        Undergrad Student
      </Text>
    </View>
    <View
      accessible={true}
      focusable={true}
      isTVSelectable={true}
      onClick={[Function]}
      onResponderGrant={[Function]}
      onResponderMove={[Function]}
      onResponderRelease={[Function]}
      onResponderTerminate={[Function]}
      onResponderTerminationRequest={[Function]}
      onStartShouldSetResponder={[Function]}
      style={
        Object {
          "alignItems": "center",
          "backgroundColor": "#353A50",
          "borderBottomWidth": null,
          "borderColor": "#007aff",
          "borderLeftWidth": null,
          "borderRadius": 10,
          "borderRightWidth": null,
          "borderTopWidth": null,
          "borderWidth": undefined,
          "elevation": 0,
          "flexDirection": "row",
          "height": 80,
          "justifyContent": "center",
          "margin": "2%",
          "opacity": 1,
          "paddingBottom": 6,
          "paddingTop": 6,
          "shadowColor": null,
          "shadowOffset": null,
          "shadowOpacity": null,
          "shadowRadius": null,
          "top": "25%",
          "width": 80,
        }
      }
    >
      <Text
        style={
          Object {
            "alignContent": "center",
            "color": "#FFFFFF",
            "fontFamily": "encodeSansExpanded",
            "fontSize": 10,
            "justifyContent": "center",
            "paddingHorizontal": 10,
            "position": "absolute",
            "textAlign": "center",
            "width": "100%",
          }
        }
      >
        Visitor
      </Text>
    </View>
    <View
      accessible={true}
      focusable={true}
      isTVSelectable={true}
      onClick={[Function]}
      onResponderGrant={[Function]}
      onResponderMove={[Function]}
      onResponderRelease={[Function]}
      onResponderTerminate={[Function]}
      onResponderTerminationRequest={[Function]}
      onStartShouldSetResponder={[Function]}
      style={
        Object {
          "alignItems": "center",
          "backgroundColor": "#353A50",
          "borderBottomWidth": null,
          "borderColor": "#007aff",
          "borderLeftWidth": null,
          "borderRadius": 10,
          "borderRightWidth": null,
          "borderTopWidth": null,
          "borderWidth": undefined,
          "elevation": 0,
          "flexDirection": "row",
          "height": 80,
          "justifyContent": "center",
          "margin": "2%",
          "opacity": 1,
          "paddingBottom": 6,
          "paddingTop": 6,
          "shadowColor": null,
          "shadowOffset": null,
          "shadowOpacity": null,
          "shadowRadius": null,
          "top": "25%",
          "width": 80,
        }
      }
    >
      <Text
        style={
          Object {
            "alignContent": "center",
            "color": "#FFFFFF",
            "fontFamily": "encodeSansExpanded",
            "fontSize": 10,
            "justifyContent": "center",
            "paddingHorizontal": 10,
            "position": "absolute",
            "textAlign": "center",
            "width": "100%",
          }
        }
      >
        University Staff
      </Text>
    </View>
  </View>
  <View
    style={
      Object {
        "bottom": "41%",
        "flex": 1,
        "flexDirection": "row",
        "height": "15%",
        "justifyContent": "center",
        "position": "absolute",
        "width": "100%",
      }
    }
  >
    <View
      style={
        Object {
          "left": "5%",
          "position": "absolute",
        }
      }
    >
      <Text
        style={
          Object {
            "color": "#FFFFFF",
            "fontFamily": "encodeSansExpanded",
            "fontSize": 16,
            "fontWeight": "bold",
            "position": "absolute",
          }
        }
      >
        Mobility Reduced: 
      </Text>
    </View>
    <View
      accessible={true}
      focusable={true}
      isTVSelectable={true}
      onClick={[Function]}
      onResponderGrant={[Function]}
      onResponderMove={[Function]}
      onResponderRelease={[Function]}
      onResponderTerminate={[Function]}
      onResponderTerminationRequest={[Function]}
      onStartShouldSetResponder={[Function]}
      style={
        Object {
          "alignItems": "center",
          "backgroundColor": "#353A50",
          "borderBottomWidth": null,
          "borderColor": "#007aff",
          "borderLeftWidth": null,
          "borderRadius": 10,
          "borderRightWidth": null,
          "borderTopWidth": null,
          "borderWidth": undefined,
          "elevation": 0,
          "flexDirection": "row",
          "height": 80,
          "justifyContent": "center",
          "margin": "2%",
          "opacity": 1,
          "paddingBottom": 6,
          "paddingTop": 6,
          "shadowColor": null,
          "shadowOffset": null,
          "shadowOpacity": null,
          "shadowRadius": null,
          "top": "25%",
          "width": 80,
        }
      }
    >
      <Text
        style={
          Object {
            "alignContent": "center",
            "color": "#FFFFFF",
            "fontFamily": "encodeSansExpanded",
            "fontSize": 15,
            "justifyContent": "center",
            "position": "absolute",
            "textAlign": "center",
            "width": "100%",
          }
        }
      >
         Yes 
      </Text>
    </View>
    <View
      accessible={true}
      focusable={true}
      isTVSelectable={true}
      onClick={[Function]}
      onResponderGrant={[Function]}
      onResponderMove={[Function]}
      onResponderRelease={[Function]}
      onResponderTerminate={[Function]}
      onResponderTerminationRequest={[Function]}
      onStartShouldSetResponder={[Function]}
      style={
        Object {
          "alignItems": "center",
          "backgroundColor": "#353A50",
          "borderBottomWidth": null,
          "borderColor": "#007aff",
          "borderLeftWidth": null,
          "borderRadius": 10,
          "borderRightWidth": null,
          "borderTopWidth": null,
          "borderWidth": undefined,
          "elevation": 0,
          "flexDirection": "row",
          "height": 80,
          "justifyContent": "center",
          "margin": "2%",
          "opacity": 1,
          "paddingBottom": 6,
          "paddingTop": 6,
          "shadowColor": null,
          "shadowOffset": null,
          "shadowOpacity": null,
          "shadowRadius": null,
          "top": "25%",
          "width": 80,
        }
      }
    >
      <Text
        style={
          Object {
            "alignContent": "center",
            "color": "#FFFFFF",
            "fontFamily": "encodeSansExpanded",
            "fontSize": 15,
            "justifyContent": "center",
            "position": "absolute",
            "textAlign": "center",
            "width": "100%",
          }
        }
      >
        No
      </Text>
    </View>
  </View>
  <View
    style={
      Object {
        "bottom": "21%",
        "flexDirection": "row",
        "height": "15%",
        "justifyContent": "center",
        "position": "absolute",
        "width": "100%",
      }
    }
  >
    <View
      style={
        Object {
          "left": "5%",
          "position": "absolute",
        }
      }
    >
      <Text
        style={
          Object {
            "color": "#FFFFFF",
            "fontFamily": "encodeSansExpanded",
            "fontSize": 16,
            "fontWeight": "bold",
            "position": "absolute",
          }
        }
      >
        Method of Travel: 
      </Text>
    </View>
    <View
      accessible={true}
      focusable={true}
      isTVSelectable={true}
      onClick={[Function]}
      onResponderGrant={[Function]}
      onResponderMove={[Function]}
      onResponderRelease={[Function]}
      onResponderTerminate={[Function]}
      onResponderTerminationRequest={[Function]}
      onStartShouldSetResponder={[Function]}
      style={
        Object {
          "alignItems": "center",
          "backgroundColor": "#353A50",
          "borderBottomWidth": null,
          "borderColor": "#007aff",
          "borderLeftWidth": null,
          "borderRadius": 10,
          "borderRightWidth": null,
          "borderTopWidth": null,
          "borderWidth": undefined,
          "elevation": 0,
          "flexDirection": "column",
          "height": 80,
          "justifyContent": "center",
          "margin": "2%",
          "opacity": 1,
          "paddingBottom": 6,
          "paddingTop": 6,
          "shadowColor": null,
          "shadowOffset": null,
          "shadowOpacity": null,
          "shadowRadius": null,
          "top": "8%",
          "width": 80,
        }
      }
    >
      <View
        style={
          Object {
            "height": "60%",
            "width": "100%",
          }
        }
      >
        <Text />
      </View>
      <View
        style={
          Object {
            "bottom": "5%",
            "height": "25%",
            "width": "100%",
          }
        }
      >
        <Text
          style={
            Object {
              "alignContent": "center",
              "color": "#FFFFFF",
              "fontFamily": "encodeSansExpanded",
              "fontSize": 10,
              "justifyContent": "center",
              "paddingHorizontal": 10,
              "position": "absolute",
              "textAlign": "center",
              "width": "100%",
            }
          }
        >
          Car
        </Text>
      </View>
    </View>
    <View
      accessible={true}
      focusable={true}
      isTVSelectable={true}
      onClick={[Function]}
      onResponderGrant={[Function]}
      onResponderMove={[Function]}
      onResponderRelease={[Function]}
      onResponderTerminate={[Function]}
      onResponderTerminationRequest={[Function]}
      onStartShouldSetResponder={[Function]}
      style={
        Object {
          "alignItems": "center",
          "backgroundColor": "#353A50",
          "borderBottomWidth": null,
          "borderColor": "#007aff",
          "borderLeftWidth": null,
          "borderRadius": 10,
          "borderRightWidth": null,
          "borderTopWidth": null,
          "borderWidth": undefined,
          "elevation": 0,
          "flexDirection": "column",
          "height": 80,
          "justifyContent": "center",
          "margin": "2%",
          "opacity": 1,
          "paddingBottom": 6,
          "paddingTop": 6,
          "shadowColor": null,
          "shadowOffset": null,
          "shadowOpacity": null,
          "shadowRadius": null,
          "top": "8%",
          "width": 80,
        }
      }
    >
      <View
        style={
          Object {
            "height": "60%",
            "width": "100%",
          }
        }
      >
        <Text />
      </View>
      <View
        style={
          Object {
            "bottom": "5%",
            "height": "25%",
            "width": "100%",
          }
        }
      >
        <Text
          style={
            Object {
              "alignContent": "center",
              "color": "#FFFFFF",
              "fontFamily": "encodeSansExpanded",
              "fontSize": 10,
              "justifyContent": "center",
              "paddingHorizontal": 10,
              "position": "absolute",
              "textAlign": "center",
              "width": "100%",
            }
          }
        >
          Walking
        </Text>
      </View>
    </View>
    <View
      accessible={true}
      focusable={true}
      isTVSelectable={true}
      onClick={[Function]}
      onResponderGrant={[Function]}
      onResponderMove={[Function]}
      onResponderRelease={[Function]}
      onResponderTerminate={[Function]}
      onResponderTerminationRequest={[Function]}
      onStartShouldSetResponder={[Function]}
      style={
        Object {
          "alignItems": "center",
          "backgroundColor": "#353A50",
          "borderBottomWidth": null,
          "borderColor": "#007aff",
          "borderLeftWidth": null,
          "borderRadius": 10,
          "borderRightWidth": null,
          "borderTopWidth": null,
          "borderWidth": undefined,
          "elevation": 0,
          "flexDirection": "column",
          "height": 80,
          "justifyContent": "center",
          "margin": "2%",
          "opacity": 1,
          "paddingBottom": 6,
          "paddingTop": 6,
          "shadowColor": null,
          "shadowOffset": null,
          "shadowOpacity": null,
          "shadowRadius": null,
          "top": "8%",
          "width": 80,
        }
      }
    >
      <View
        style={
          Object {
            "height": "60%",
            "width": "100%",
          }
        }
      >
        <Text />
      </View>
      <View
        style={
          Object {
            "bottom": "5%",
            "height": "25%",
            "width": "100%",
          }
        }
      >
        <Text
          style={
            Object {
              "alignContent": "center",
              "color": "#FFFFFF",
              "fontFamily": "encodeSansExpanded",
              "fontSize": 10,
              "justifyContent": "center",
              "paddingHorizontal": 10,
              "position": "absolute",
              "textAlign": "center",
              "width": "100%",
            }
          }
        >
          Bicycling
        </Text>
      </View>
    </View>
    <View
      accessible={true}
      focusable={true}
      isTVSelectable={true}
      onClick={[Function]}
      onResponderGrant={[Function]}
      onResponderMove={[Function]}
      onResponderRelease={[Function]}
      onResponderTerminate={[Function]}
      onResponderTerminationRequest={[Function]}
      onStartShouldSetResponder={[Function]}
      style={
        Object {
          "alignItems": "center",
          "backgroundColor": "#353A50",
          "borderBottomWidth": null,
          "borderColor": "#007aff",
          "borderLeftWidth": null,
          "borderRadius": 10,
          "borderRightWidth": null,
          "borderTopWidth": null,
          "borderWidth": undefined,
          "elevation": 0,
          "flexDirection": "column",
          "height": 80,
          "justifyContent": "center",
          "margin": "2%",
          "opacity": 1,
          "paddingBottom": 6,
          "paddingTop": 6,
          "shadowColor": null,
          "shadowOffset": null,
          "shadowOpacity": null,
          "shadowRadius": null,
          "top": "8%",
          "width": 80,
        }
      }
    >
      <View
        style={
          Object {
            "height": "60%",
            "width": "100%",
          }
        }
      >
        <Text />
      </View>
      <View
        style={
          Object {
            "bottom": "5%",
            "height": "25%",
            "width": "100%",
          }
        }
      >
        <Text
          style={
            Object {
              "alignContent": "center",
              "color": "#FFFFFF",
              "fontFamily": "encodeSansExpanded",
              "fontSize": 10,
              "justifyContent": "center",
              "paddingHorizontal": 10,
              "position": "absolute",
              "textAlign": "center",
              "width": "100%",
            }
          }
        >
          Transit
        </Text>
      </View>
    </View>
  </View>
  <View
    style={
      Object {
        "bottom": "1%",
        "flexDirection": "row",
        "flexShrink": 1,
        "height": "15%",
        "justifyContent": "center",
        "position": "absolute",
        "width": "100%",
      }
    }
  >
    <View
      style={
        Object {
          "left": "5%",
          "position": "absolute",
        }
      }
    >
      <Text
        style={
          Object {
            "color": "#FFFFFF",
            "fontFamily": "encodeSansExpanded",
            "fontSize": 16,
            "fontWeight": "bold",
            "position": "absolute",
          }
        }
      >
        Disclaimer: 
      </Text>
    </View>
    <View
      style={
        Object {
          "bottom": "20%",
          "flexDirection": "column",
          "flexShrink": 1,
          "justifyContent": "center",
          "position": "absolute",
          "width": "90%",
        }
      }
    >
      <Text
        style={
          Object {
            "color": "#919090",
            "flex": 1,
            "flexShrink": 1,
            "flexWrap": "wrap",
            "fontFamily": "encodeSansExpanded",
            "fontSize": 10,
            "textAlign": "left",
          }
        }
      >
        The Concordia shuttle bus offers you a free ride between the SGW and Loyola campus. However, the services are reserved for students with valid ID cards and buses are wheelchair accessible.
      </Text>
      <Text
        style={
          Object {
            "color": "#919090",
            "flex": 1,
            "flexShrink": 1,
            "flexWrap": "wrap",
            "fontFamily": "encodeSansExpanded",
            "fontSize": 10,
            "textAlign": "left",
          }
        }
      >
        The shuttle bus is only useful to travel between campuses.
      </Text>
      <Text
        style={
          Object {
            "color": "#919090",
            "flex": 1,
            "flexShrink": 1,
            "flexWrap": "wrap",
            "fontSize": 11,
            "fontWeight": "bold",
            "textAlign": "left",
          }
        }
      >
        Head to the Side Menu if you wish to see the next departures.
      </Text>
    </View>
  </View>
</View>
`;
