// Jest Snapshot v1, https://goo.gl/fbAQLP

exports[`Accessibility Identification component renders correctly 1`] = `
<View>
  <AIRMapMarker
    coordinate={
      Object {
        "latitude": 45.497245,
        "longitude": -73.578968,
      }
    }
    onPress={[Function]}
    stopPropagation={false}
    style={
      Array [
        Object {
          "backgroundColor": "transparent",
          "position": "absolute",
        },
        undefined,
      ]
    }
  >
    <Image
      source={1}
      style={
        Object {
          "height": 30,
          "width": 30,
        }
      }
    />
  </AIRMapMarker>
  <AIRMapMarker
    coordinate={
      Object {
        "latitude": 45.496612,
        "longitude": -73.57801,
      }
    }
    onPress={[Function]}
    stopPropagation={false}
    style={
      Array [
        Object {
          "backgroundColor": "transparent",
          "position": "absolute",
        },
        undefined,
      ]
    }
  >
    <Image
      source={1}
      style={
        Object {
          "height": 30,
          "width": 30,
        }
      }
    />
  </AIRMapMarker>
  <AIRMapMarker
    coordinate={
      Object {
        "latitude": 45.495899,
        "longitude": -73.578712,
      }
    }
    onPress={[Function]}
    stopPropagation={false}
    style={
      Array [
        Object {
          "backgroundColor": "transparent",
          "position": "absolute",
        },
        undefined,
      ]
    }
  >
    <Image
      source={1}
      style={
        Object {
          "height": 30,
          "width": 30,
        }
      }
    />
  </AIRMapMarker>
  <AIRMapMarker
    coordinate={
      Object {
        "latitude": 45.495735,
        "longitude": -73.57843,
      }
    }
    onPress={[Function]}
    stopPropagation={false}
    style={
      Array [
        Object {
          "backgroundColor": "transparent",
          "position": "absolute",
        },
        undefined,
      ]
    }
  >
    <Image
      source={1}
      style={
        Object {
          "height": 30,
          "width": 30,
        }
      }
    />
  </AIRMapMarker>
  <AIRMapMarker
    coordinate={
      Object {
        "latitude": 45.495314,
        "longitude": -73.579055,
      }
    }
    onPress={[Function]}
    stopPropagation={false}
    style={
      Array [
        Object {
          "backgroundColor": "transparent",
          "position": "absolute",
        },
        undefined,
      ]
    }
  >
    <Image
      source={1}
      style={
        Object {
          "height": 30,
          "width": 30,
        }
      }
    />
  </AIRMapMarker>
  <AIRMapMarker
    coordinate={
      Object {
        "latitude": 45.457899,
        "longitude": -73.64131,
      }
    }
    onPress={[Function]}
    stopPropagation={false}
    style={
      Array [
        Object {
          "backgroundColor": "transparent",
          "position": "absolute",
        },
        undefined,
      ]
    }
  >
    <Image
      source={1}
      style={
        Object {
          "height": 30,
          "width": 30,
        }
      }
    />
  </AIRMapMarker>
  <AIRMapMarker
    coordinate={
      Object {
        "latitude": 45.457564,
        "longitude": -73.640394,
      }
    }
    onPress={[Function]}
    stopPropagation={false}
    style={
      Array [
        Object {
          "backgroundColor": "transparent",
          "position": "absolute",
        },
        undefined,
      ]
    }
  >
    <Image
      source={1}
      style={
        Object {
          "height": 30,
          "width": 30,
        }
      }
    />
  </AIRMapMarker>
  <AIRMapMarker
    coordinate={
      Object {
        "latitude": 45.458213,
        "longitude": -73.64015,
      }
    }
    onPress={[Function]}
    stopPropagation={false}
    style={
      Array [
        Object {
          "backgroundColor": "transparent",
          "position": "absolute",
        },
        undefined,
      ]
    }
  >
    <Image
      source={1}
      style={
        Object {
          "height": 30,
          "width": 30,
        }
      }
    />
  </AIRMapMarker>
  <AIRMapMarker
    coordinate={
      Object {
        "latitude": 45.458105,
        "longitude": -73.639784,
      }
    }
    onPress={[Function]}
    stopPropagation={false}
    style={
      Array [
        Object {
          "backgroundColor": "transparent",
          "position": "absolute",
        },
        undefined,
      ]
    }
  >
    <Image
      source={1}
      style={
        Object {
          "height": 30,
          "width": 30,
        }
      }
    />
  </AIRMapMarker>
</View>
`;
