// Jest Snapshot v1, https://goo.gl/fbAQLP

exports[`Building Highlight component renders correctly 1`] = `
<View>
  <AIRMapPolygon
    coordinates={
      Array [
        Object {
          "latitude": 45.497167,
          "longitude": -73.579543,
        },
        Object {
          "latitude": 45.497713,
          "longitude": -73.579032,
        },
        Object {
          "latitude": 45.497378,
          "longitude": -73.57834,
        },
        Object {
          "latitude": 45.49683,
          "longitude": -73.578853,
        },
        Object {
          "latitude": 45.497167,
          "longitude": -73.579543,
        },
      ]
    }
    fillColor="#b1b0f8"
    id="tap_h"
    onPress={[Function]}
    strokeColor="#b1b0f8"
    strokeWidth={0}
    tappable={true}
  />
  <AIRMapPolygon
    coordinates={
      Array [
        Object {
          "latitude": 45.496708,
          "longitude": -73.578525,
        },
        Object {
          "latitude": 45.497291,
          "longitude": -73.578017,
        },
        Object {
          "latitude": 45.496896,
          "longitude": -73.577102,
        },
        Object {
          "latitude": 45.496255,
          "longitude": -73.5777,
        },
        Object {
          "latitude": 45.496708,
          "longitude": -73.578525,
        },
      ]
    }
    fillColor="#b1b0f8"
    id="tap_lb"
    onPress={[Function]}
    strokeColor="#b1b0f8"
    strokeWidth={0}
    tappable={true}
  />
  <AIRMapPolygon
    coordinates={
      Array [
        Object {
          "latitude": 45.495782,
          "longitude": -73.579149,
        },
        Object {
          "latitude": 45.496129,
          "longitude": -73.578806,
        },
        Object {
          "latitude": 45.495945,
          "longitude": -73.578429,
        },
        Object {
          "latitude": 45.495616,
          "longitude": -73.578742,
        },
        Object {
          "latitude": 45.495782,
          "longitude": -73.579149,
        },
      ]
    }
    fillColor="#b1b0f8"
    id="tap_gm"
    onPress={[Function]}
    strokeColor="#b1b0f8"
    strokeWidth={0}
    tappable={true}
  />
  <AIRMapPolygon
    coordinates={
      Array [
        Object {
          "latitude": 45.495574,
          "longitude": -73.578653,
        },
        Object {
          "latitude": 45.495908,
          "longitude": -73.578445,
        },
        Object {
          "latitude": 45.495697,
          "longitude": -73.578048,
        },
        Object {
          "latitude": 45.496039,
          "longitude": -73.57771,
        },
        Object {
          "latitude": 45.495825,
          "longitude": -73.57726,
        },
        Object {
          "latitude": 45.495175,
          "longitude": -73.577859,
        },
        Object {
          "latitude": 45.495574,
          "longitude": -73.578653,
        },
      ]
    }
    fillColor="#b1b0f8"
    id="tap_ev"
    onPress={[Function]}
    strokeColor="#b1b0f8"
    strokeWidth={0}
    tappable={true}
  />
  <AIRMapPolygon
    coordinates={
      Array [
        Object {
          "latitude": 45.495523,
          "longitude": -73.579198,
        },
        Object {
          "latitude": 45.495358,
          "longitude": -73.579356,
        },
        Object {
          "latitude": 45.495014,
          "longitude": -73.578734,
        },
        Object {
          "latitude": 45.4952,
          "longitude": -73.57853,
        },
        Object {
          "latitude": 45.495523,
          "longitude": -73.579198,
        },
      ]
    }
    fillColor="#b1b0f8"
    id="tap_mb"
    onPress={[Function]}
    strokeColor="#b1b0f8"
    strokeWidth={0}
    tappable={true}
  />
  <AIRMapPolygon
    coordinates={
      Array [
        Object {
          "latitude": 45.457464,
          "longitude": -73.642074,
        },
        Object {
          "latitude": 45.458325,
          "longitude": -73.641411,
        },
        Object {
          "latitude": 45.458165,
          "longitude": -73.640985,
        },
        Object {
          "latitude": 45.457528,
          "longitude": -73.641481,
        },
        Object {
          "latitude": 45.457198,
          "longitude": -73.640661,
        },
        Object {
          "latitude": 45.457002,
          "longitude": -73.64083,
        },
        Object {
          "latitude": 45.457464,
          "longitude": -73.642074,
        },
      ]
    }
    fillColor="#b1b0f8"
    id="tap_sp"
    onPress={[Function]}
    strokeColor="#b1b0f8"
    strokeWidth={0}
    tappable={true}
  />
  <AIRMapPolygon
    coordinates={
      Array [
        Object {
          "latitude": 45.457335,
          "longitude": -73.640715,
        },
        Object {
          "latitude": 45.457179,
          "longitude": -73.6404,
        },
        Object {
          "latitude": 45.457617,
          "longitude": -73.640051,
        },
        Object {
          "latitude": 45.457826,
          "longitude": -73.640483,
        },
        Object {
          "latitude": 45.457335,
          "longitude": -73.640715,
        },
      ]
    }
    fillColor="#b1b0f8"
    id="tap_cj"
    onPress={[Function]}
    strokeColor="#b1b0f8"
    strokeWidth={0}
    tappable={true}
  />
  <AIRMapPolygon
    coordinates={
      Array [
        Object {
          "latitude": 45.458521,
          "longitude": -73.640679,
        },
        Object {
          "latitude": 45.458377,
          "longitude": -73.640794,
        },
        Object {
          "latitude": 45.458076,
          "longitude": -73.639997,
        },
        Object {
          "latitude": 45.458221,
          "longitude": -73.639898,
        },
        Object {
          "latitude": 45.458521,
          "longitude": -73.640679,
        },
      ]
    }
    fillColor="#b1b0f8"
    id="tap_cc"
    onPress={[Function]}
    strokeColor="#b1b0f8"
    strokeWidth={0}
    tappable={true}
  />
  <AIRMapPolygon
    coordinates={
      Array [
        Object {
          "latitude": 45.457901,
          "longitude": -73.640113,
        },
        Object {
          "latitude": 45.458378,
          "longitude": -73.639742,
        },
        Object {
          "latitude": 45.458243,
          "longitude": -73.63946,
        },
        Object {
          "latitude": 45.457807,
          "longitude": -73.639814,
        },
        Object {
          "latitude": 45.457901,
          "longitude": -73.640113,
        },
      ]
    }
    fillColor="#b1b0f8"
    id="tap_ad"
    onPress={[Function]}
    strokeColor="#b1b0f8"
    strokeWidth={0}
    tappable={true}
  />
  <AIRMapPolygon
    coordinates={
      Array [
        Object {
          "latitude": 45.493397,
          "longitude": -73.578002,
        },
        Object {
          "latitude": 45.494382,
          "longitude": -73.577081,
        },
        Object {
          "latitude": 45.493848,
          "longitude": -73.575558,
        },
        Object {
          "latitude": 45.492615,
          "longitude": -73.576567,
        },
        Object {
          "latitude": 45.493397,
          "longitude": -73.578002,
        },
      ]
    }
    fillColor="#b1b0f8"
    id="tap_gn"
    onPress={[Function]}
    strokeColor="#b1b0f8"
    strokeWidth={0}
    tappable={true}
  />
  <AIRMapPolygon
    coordinates={
      Array [
        Object {
          "latitude": 45.45859546323396,
          "longitude": -73.6383855342865,
        },
        Object {
          "latitude": 45.45911471817363,
          "longitude": -73.6378812789917,
        },
        Object {
          "latitude": 45.4592351244332,
          "longitude": -73.63816022872925,
        },
        Object {
          "latitude": 45.45916739594383,
          "longitude": -73.6382246017456,
        },
        Object {
          "latitude": 45.45949851222957,
          "longitude": -73.63913655281067,
        },
        Object {
          "latitude": 45.45925017519755,
          "longitude": -73.63936185836792,
        },
        Object {
          "latitude": 45.4591372943669,
          "longitude": -73.6393940448761,
        },
        Object {
          "latitude": 45.459031938721054,
          "longitude": -73.63914728164673,
        },
        Object {
          "latitude": 45.45912224357239,
          "longitude": -73.63909363746643,
        },
        Object {
          "latitude": 45.45908461656855,
          "longitude": -73.63898634910583,
        },
        Object {
          "latitude": 45.45912976897015,
          "longitude": -73.63893270492554,
        },
        Object {
          "latitude": 45.45908461656855,
          "longitude": -73.63882541656494,
        },
        Object {
          "latitude": 45.458828752276666,
          "longitude": -73.63903999328613,
        },
        Object {
          "latitude": 45.45859546323396,
          "longitude": -73.6383855342865,
        },
      ]
    }
    fillColor="#b1b0f8"
    id="tap_vl"
    onPress={[Function]}
    strokeColor="#b1b0f8"
    strokeWidth={0}
    tappable={true}
  />
</View>
`;
