// Jest Snapshot v1, https://goo.gl/fbAQLP

exports[`CurrentBuildingLocation component renders correctly 1`] = `
<View
  accessible={true}
  focusable={true}
  isTVSelectable={true}
  onClick={[Function]}
  onResponderGrant={[Function]}
  onResponderMove={[Function]}
  onResponderRelease={[Function]}
  onResponderTerminate={[Function]}
  onResponderTerminationRequest={[Function]}
  onStartShouldSetResponder={[Function]}
  style={
    Object {
      "alignItems": "center",
      "backgroundColor": "#2A2E43",
      "borderRadius": 50,
      "height": 60,
      "justifyContent": "center",
      "opacity": 1,
      "width": 60,
    }
  }
>
  <Text />
</View>
`;
