// Jest Snapshot v1, https://goo.gl/fbAQLP

exports[`LocationMarker component renders correctly 1`] = `
<View
  style={Object {}}
>
  <AIRMapMarker
    coordinate={
      Object {
        "latitude": 0,
        "longitude": 0,
      }
    }
    onPress={[Function]}
    stopPropagation={false}
    style={
      Array [
        Object {
          "backgroundColor": "transparent",
          "position": "absolute",
        },
        undefined,
      ]
    }
  />
</View>
`;
