// Jest Snapshot v1, https://goo.gl/fbAQLP

exports[`About Us component renders correctly 1`] = `
<View
  style={
    Object {
      "alignItems": "center",
      "backgroundColor": "#2A2E43",
      "height": "100%",
      "justifyContent": "space-between",
      "width": "100%",
    }
  }
>
  <View
    style={
      Object {
        "height": "6%",
        "top": "7%",
        "width": "100%",
      }
    }
  >
    <View
      accessible={true}
      focusable={true}
      isTVSelectable={true}
      onClick={[Function]}
      onResponderGrant={[Function]}
      onResponderMove={[Function]}
      onResponderRelease={[Function]}
      onResponderTerminate={[Function]}
      onResponderTerminationRequest={[Function]}
      onStartShouldSetResponder={[Function]}
      style={
        Object {
          "flexDirection": "row",
          "height": "100%",
          "justifyContent": "center",
          "opacity": 1,
          "width": "20%",
        }
      }
    >
      <Text />
    </View>
  </View>
  <Text
    style={
      Object {
        "color": "#FFFFFF",
        "fontFamily": "encodeSansExpanded",
        "fontSize": 25,
        "fontWeight": "bold",
        "position": "absolute",
        "top": "15%",
      }
    }
  >
    About Us
  </Text>
  <Text
    style={
      Object {
        "color": "#FFFFFF",
        "fontFamily": "encodeSansExpanded",
        "fontSize": 18,
        "fontWeight": "bold",
        "position": "absolute",
        "top": "22%",
      }
    }
  >
    Our App
  </Text>
  <View
    style={
      Object {
        "bottom": "59%",
        "height": "15%",
        "width": "95%",
      }
    }
  >
    <RCTScrollView
      data={
        Array [
          Object {
            "data": Array [
              "GuideMe is a software application made for commuters of Concordia University. The purpose of the application is to serve users a map for both the Loyola & Sir George Williams Campuses. The application gives a new refined way to navigate on campus offering route recommendations & various methods of travelling.",
            ],
          },
        ]
      }
      disableVirtualization={false}
      getItem={[Function]}
      getItemCount={[Function]}
      horizontal={false}
      initialNumToRender={10}
      keyExtractor={[Function]}
      maxToRenderPerBatch={10}
      onContentSizeChange={[Function]}
      onEndReachedThreshold={2}
      onLayout={[Function]}
      onMomentumScrollEnd={[Function]}
      onScroll={[Function]}
      onScrollBeginDrag={[Function]}
      onScrollEndDrag={[Function]}
      renderItem={[Function]}
      scrollEventThrottle={50}
      sections={
        Array [
          Object {
            "data": Array [
              "GuideMe is a software application made for commuters of Concordia University. The purpose of the application is to serve users a map for both the Loyola & Sir George Williams Campuses. The application gives a new refined way to navigate on campus offering route recommendations & various methods of travelling.",
            ],
          },
        ]
      }
      stickyHeaderIndices={
        Array [
          0,
        ]
      }
      stickySectionHeadersEnabled={true}
      updateCellsBatchingPeriod={50}
      windowSize={21}
    >
      <View>
        <View
          onLayout={[Function]}
          style={null}
        />
        <View
          onLayout={[Function]}
          style={null}
        >
          <Text
            style={
              Object {
                "color": "#FFF",
                "fontFamily": "encodeSansExpanded",
                "fontSize": 14,
                "lineHeight": 30,
                "padding": 10,
                "textAlign": "center",
              }
            }
          >
            GuideMe is a software application made for commuters of Concordia University. The purpose of the application is to serve users a map for both the Loyola & Sir George Williams Campuses. The application gives a new refined way to navigate on campus offering route recommendations & various methods of travelling.
          </Text>
        </View>
        <View
          onLayout={[Function]}
          style={null}
        />
      </View>
    </RCTScrollView>
  </View>
  <Text
    style={
      Object {
        "color": "#FFFFFF",
        "fontFamily": "encodeSansExpanded",
        "fontSize": 18,
        "position": "absolute",
        "top": "43%",
      }
    }
  >
    Our Team
  </Text>
  <RCTSafeAreaView
    emulateUnlessSupported={true}
    style={
      Object {
        "bottom": "0%",
        "height": "52%",
        "position": "absolute",
        "width": "100%",
      }
    }
  >
    <RCTScrollView
      data={
        Array [
          Object {
            "data": Array [
              "Mohanad Arafe - mohanadarafe",
              "Christophe Shaka Bahenduzi - csbduzi",
              "Kenza Boulisfane - bkenza",
              "Jérémie Chouteau - JayChoteau",
              "Baddredine Loulidi - badred123",
              "Firas Sawan - firassawan",
              "Alain Job Uzarama Uwe - alainjobs",
              "Shirwa Warsame - shirwarsame",
              "Hussain Witwit - hussainwitwit",
            ],
            "title": "Team - Github",
          },
        ]
      }
      disableVirtualization={false}
      getItem={[Function]}
      getItemCount={[Function]}
      horizontal={false}
      initialNumToRender={10}
      keyExtractor={[Function]}
      maxToRenderPerBatch={10}
      onContentSizeChange={[Function]}
      onEndReachedThreshold={2}
      onLayout={[Function]}
      onMomentumScrollEnd={[Function]}
      onScroll={[Function]}
      onScrollBeginDrag={[Function]}
      onScrollEndDrag={[Function]}
      renderItem={[Function]}
      renderSectionHeader={[Function]}
      scrollEventThrottle={50}
      sections={
        Array [
          Object {
            "data": Array [
              "Mohanad Arafe - mohanadarafe",
              "Christophe Shaka Bahenduzi - csbduzi",
              "Kenza Boulisfane - bkenza",
              "Jérémie Chouteau - JayChoteau",
              "Baddredine Loulidi - badred123",
              "Firas Sawan - firassawan",
              "Alain Job Uzarama Uwe - alainjobs",
              "Shirwa Warsame - shirwarsame",
              "Hussain Witwit - hussainwitwit",
            ],
            "title": "Team - Github",
          },
        ]
      }
      stickyHeaderIndices={
        Array [
          0,
        ]
      }
      stickySectionHeadersEnabled={true}
      updateCellsBatchingPeriod={50}
      windowSize={21}
    >
      <View>
        <View
          onLayout={[Function]}
          style={null}
        >
          <Text
            style={
              Object {
                "backgroundColor": "#353A50",
                "color": "#ffffff",
                "fontFamily": "encodeSansExpanded",
                "fontSize": 18,
                "fontWeight": "bold",
                "paddingBottom": 2,
                "paddingLeft": 22,
                "paddingRight": 10,
                "paddingTop": 2,
              }
            }
          >
            Team - Github
          </Text>
        </View>
        <View
          onLayout={[Function]}
          style={null}
        >
          <View>
            <Text
              style={
                Object {
                  "color": "#FFF",
                  "fontFamily": "encodeSansExpanded",
                  "fontSize": 12,
                  "height": 44,
                  "padding": 10,
                  "paddingLeft": 22,
                }
              }
            >
              Mohanad Arafe - mohanadarafe
            </Text>
            <View
              style={
                Object {
                  "backgroundColor": "#353A50",
                  "height": 1,
                  "width": "100%",
                }
              }
            />
          </View>
        </View>
        <View
          onLayout={[Function]}
          style={null}
        >
          <View>
            <Text
              style={
                Object {
                  "color": "#FFF",
                  "fontFamily": "encodeSansExpanded",
                  "fontSize": 12,
                  "height": 44,
                  "padding": 10,
                  "paddingLeft": 22,
                }
              }
            >
              Christophe Shaka Bahenduzi - csbduzi
            </Text>
            <View
              style={
                Object {
                  "backgroundColor": "#353A50",
                  "height": 1,
                  "width": "100%",
                }
              }
            />
          </View>
        </View>
        <View
          onLayout={[Function]}
          style={null}
        >
          <View>
            <Text
              style={
                Object {
                  "color": "#FFF",
                  "fontFamily": "encodeSansExpanded",
                  "fontSize": 12,
                  "height": 44,
                  "padding": 10,
                  "paddingLeft": 22,
                }
              }
            >
              Kenza Boulisfane - bkenza
            </Text>
            <View
              style={
                Object {
                  "backgroundColor": "#353A50",
                  "height": 1,
                  "width": "100%",
                }
              }
            />
          </View>
        </View>
        <View
          onLayout={[Function]}
          style={null}
        >
          <View>
            <Text
              style={
                Object {
                  "color": "#FFF",
                  "fontFamily": "encodeSansExpanded",
                  "fontSize": 12,
                  "height": 44,
                  "padding": 10,
                  "paddingLeft": 22,
                }
              }
            >
              Jérémie Chouteau - JayChoteau
            </Text>
            <View
              style={
                Object {
                  "backgroundColor": "#353A50",
                  "height": 1,
                  "width": "100%",
                }
              }
            />
          </View>
        </View>
        <View
          onLayout={[Function]}
          style={null}
        >
          <View>
            <Text
              style={
                Object {
                  "color": "#FFF",
                  "fontFamily": "encodeSansExpanded",
                  "fontSize": 12,
                  "height": 44,
                  "padding": 10,
                  "paddingLeft": 22,
                }
              }
            >
              Baddredine Loulidi - badred123
            </Text>
            <View
              style={
                Object {
                  "backgroundColor": "#353A50",
                  "height": 1,
                  "width": "100%",
                }
              }
            />
          </View>
        </View>
        <View
          onLayout={[Function]}
          style={null}
        >
          <View>
            <Text
              style={
                Object {
                  "color": "#FFF",
                  "fontFamily": "encodeSansExpanded",
                  "fontSize": 12,
                  "height": 44,
                  "padding": 10,
                  "paddingLeft": 22,
                }
              }
            >
              Firas Sawan - firassawan
            </Text>
            <View
              style={
                Object {
                  "backgroundColor": "#353A50",
                  "height": 1,
                  "width": "100%",
                }
              }
            />
          </View>
        </View>
        <View
          onLayout={[Function]}
          style={null}
        >
          <View>
            <Text
              style={
                Object {
                  "color": "#FFF",
                  "fontFamily": "encodeSansExpanded",
                  "fontSize": 12,
                  "height": 44,
                  "padding": 10,
                  "paddingLeft": 22,
                }
              }
            >
              Alain Job Uzarama Uwe - alainjobs
            </Text>
            <View
              style={
                Object {
                  "backgroundColor": "#353A50",
                  "height": 1,
                  "width": "100%",
                }
              }
            />
          </View>
        </View>
        <View
          onLayout={[Function]}
          style={null}
        >
          <View>
            <Text
              style={
                Object {
                  "color": "#FFF",
                  "fontFamily": "encodeSansExpanded",
                  "fontSize": 12,
                  "height": 44,
                  "padding": 10,
                  "paddingLeft": 22,
                }
              }
            >
              Shirwa Warsame - shirwarsame
            </Text>
            <View
              style={
                Object {
                  "backgroundColor": "#353A50",
                  "height": 1,
                  "width": "100%",
                }
              }
            />
          </View>
        </View>
        <View
          onLayout={[Function]}
          style={null}
        >
          <Text
            style={
              Object {
                "color": "#FFF",
                "fontFamily": "encodeSansExpanded",
                "fontSize": 12,
                "height": 44,
                "padding": 10,
                "paddingLeft": 22,
              }
            }
          >
            Hussain Witwit - hussainwitwit
          </Text>
        </View>
        <View
          style={
            Object {
              "height": 0,
            }
          }
        />
      </View>
    </RCTScrollView>
  </RCTSafeAreaView>
</View>
`;
