// Jest Snapshot v1, https://goo.gl/fbAQLP

exports[`Nearby Interest Details component renders correctly 1`] = `
<View
  style={
    Object {
      "alignItems": "center",
      "backgroundColor": "#2A2E43",
      "height": "100%",
      "justifyContent": "space-between",
      "width": "100%",
    }
  }
>
  <RCTSafeAreaView
    emulateUnlessSupported={true}
    style={
      Object {
        "alignItems": "center",
        "flexDirection": "column",
        "height": "100%",
        "justifyContent": "flex-end",
        "width": "100%",
      }
    }
  >
    <View
      style={
        Object {
          "backgroundColor": "#000",
          "bottom": "78%",
          "height": "32%",
          "opacity": 0.3,
          "position": "absolute",
          "width": "100%",
        }
      }
    >
      <Image
        source={
          Object {
            "uri": undefined,
          }
        }
        style={
          Object {
            "height": "100%",
            "position": "relative",
            "width": "100%",
          }
        }
      />
    </View>
    <View
      style={
        Object {
          "alignContent": "center",
          "alignItems": "center",
          "bottom": "33%",
          "flexDirection": "column",
          "height": "6%",
          "justifyContent": "space-around",
          "width": "100%",
        }
      }
    >
      <View
        accessible={true}
        focusable={true}
        isTVSelectable={true}
        onClick={[Function]}
        onResponderGrant={[Function]}
        onResponderMove={[Function]}
        onResponderRelease={[Function]}
        onResponderTerminate={[Function]}
        onResponderTerminationRequest={[Function]}
        onStartShouldSetResponder={[Function]}
        style={
          Object {
            "alignItems": "center",
            "backgroundColor": "transparent",
            "borderBottomWidth": null,
            "borderColor": "#007aff",
            "borderLeftWidth": null,
            "borderRadius": 5,
            "borderRightWidth": null,
            "borderTopWidth": null,
            "borderWidth": undefined,
            "elevation": 0,
            "flexDirection": "row",
            "height": "100%",
            "justifyContent": "space-between",
            "left": "10%",
            "opacity": 1,
            "paddingBottom": 6,
            "paddingTop": 6,
            "shadowColor": null,
            "shadowOffset": null,
            "shadowOpacity": null,
            "shadowRadius": null,
            "width": "100%",
          }
        }
      >
        <Text />
      </View>
    </View>
    <Text
      style={
        Object {
          "bottom": "28%",
          "color": "#FFFFFF",
          "fontFamily": "encodeSansExpanded",
          "fontSize": 30,
          "fontWeight": "bold",
          "textAlign": "left",
          "width": "90%",
        }
      }
    >
      Tim Hortons
    </Text>
    <View
      accessible={true}
      focusable={false}
      isTVSelectable={true}
      onClick={[Function]}
      onResponderGrant={[Function]}
      onResponderMove={[Function]}
      onResponderRelease={[Function]}
      onResponderTerminate={[Function]}
      onResponderTerminationRequest={[Function]}
      onStartShouldSetResponder={[Function]}
      style={
        Object {
          "alignItems": "center",
          "backgroundColor": "transparent",
          "borderBottomWidth": null,
          "borderColor": "#007aff",
          "borderLeftWidth": null,
          "borderRadius": 5,
          "borderRightWidth": null,
          "borderTopWidth": null,
          "borderWidth": undefined,
          "bottom": "50%",
          "elevation": 0,
          "flexDirection": "row",
          "height": "8%",
          "justifyContent": "space-between",
          "opacity": 1,
          "paddingBottom": 6,
          "paddingTop": 6,
          "shadowColor": null,
          "shadowOffset": null,
          "shadowOpacity": null,
          "shadowRadius": null,
          "width": "100%",
        }
      }
    >
      <View
        style={
          Object {
            "height": "100%",
            "justifyContent": "center",
            "width": "16%",
          }
        }
      >
        <Text
          style={
            Object {
              "alignSelf": "center",
              "bottom": "2%",
              "color": "#FFFFFF",
              "fontFamily": "encodeSansExpanded",
              "fontSize": 20,
              "left": "20%",
            }
          }
        >
          N/A
        </Text>
      </View>
      <View
        style={
          Object {
            "height": "100%",
            "justifyContent": "center",
            "width": "4%",
          }
        }
      />
      <View
        style={
          Object {
            "alignSelf": "flex-end",
            "height": "100%",
            "justifyContent": "center",
            "width": "80%",
          }
        }
      >
        <View
          style={
            Object {
              "height": "40%",
              "width": "60%",
            }
          }
        >
          <View
            pointerEvents="auto"
            style={
              Object {
                "flexDirection": "row",
                "justifyContent": "space-between",
              }
            }
          >
            <View
              style={Object {}}
            >
              <View
                accessibilityRole="button"
                accessible={true}
                focusable={true}
                isTVSelectable={true}
                onClick={[Function]}
                onResponderGrant={[Function]}
                onResponderMove={[Function]}
                onResponderRelease={[Function]}
                onResponderTerminate={[Function]}
                onResponderTerminationRequest={[Function]}
                onStartShouldSetResponder={[Function]}
                style={
                  Object {
                    "opacity": 1,
                  }
                }
              >
                <Text />
              </View>
            </View>
            <View
              style={Object {}}
            >
              <View
                accessibilityRole="button"
                accessible={true}
                focusable={true}
                isTVSelectable={true}
                onClick={[Function]}
                onResponderGrant={[Function]}
                onResponderMove={[Function]}
                onResponderRelease={[Function]}
                onResponderTerminate={[Function]}
                onResponderTerminationRequest={[Function]}
                onStartShouldSetResponder={[Function]}
                style={
                  Object {
                    "opacity": 1,
                  }
                }
              >
                <Text />
              </View>
            </View>
            <View
              style={Object {}}
            >
              <View
                accessibilityRole="button"
                accessible={true}
                focusable={true}
                isTVSelectable={true}
                onClick={[Function]}
                onResponderGrant={[Function]}
                onResponderMove={[Function]}
                onResponderRelease={[Function]}
                onResponderTerminate={[Function]}
                onResponderTerminationRequest={[Function]}
                onStartShouldSetResponder={[Function]}
                style={
                  Object {
                    "opacity": 1,
                  }
                }
              >
                <Text />
              </View>
            </View>
            <View
              style={Object {}}
            >
              <View
                accessibilityRole="button"
                accessible={true}
                focusable={true}
                isTVSelectable={true}
                onClick={[Function]}
                onResponderGrant={[Function]}
                onResponderMove={[Function]}
                onResponderRelease={[Function]}
                onResponderTerminate={[Function]}
                onResponderTerminationRequest={[Function]}
                onStartShouldSetResponder={[Function]}
                style={
                  Object {
                    "opacity": 1,
                  }
                }
              >
                <Text />
              </View>
            </View>
            <View
              style={Object {}}
            >
              <View
                accessibilityRole="button"
                accessible={true}
                focusable={true}
                isTVSelectable={true}
                onClick={[Function]}
                onResponderGrant={[Function]}
                onResponderMove={[Function]}
                onResponderRelease={[Function]}
                onResponderTerminate={[Function]}
                onResponderTerminationRequest={[Function]}
                onStartShouldSetResponder={[Function]}
                style={
                  Object {
                    "opacity": 1,
                  }
                }
              >
                <Text />
              </View>
            </View>
          </View>
        </View>
      </View>
    </View>
    <View
      accessible={true}
      focusable={false}
      isTVSelectable={true}
      onClick={[Function]}
      onResponderGrant={[Function]}
      onResponderMove={[Function]}
      onResponderRelease={[Function]}
      onResponderTerminate={[Function]}
      onResponderTerminationRequest={[Function]}
      onStartShouldSetResponder={[Function]}
      style={
        Object {
          "alignItems": "center",
          "backgroundColor": "transparent",
          "borderBottomWidth": null,
          "borderColor": "#007aff",
          "borderLeftWidth": null,
          "borderRadius": 5,
          "borderRightWidth": null,
          "borderTopWidth": null,
          "borderWidth": undefined,
          "bottom": "49%",
          "elevation": 0,
          "flexDirection": "row",
          "height": "8%",
          "justifyContent": "space-between",
          "opacity": 1,
          "paddingBottom": 6,
          "paddingTop": 6,
          "shadowColor": null,
          "shadowOffset": null,
          "shadowOpacity": null,
          "shadowRadius": null,
          "width": "90%",
        }
      }
    >
      <View
        style={
          Object {
            "backgroundColor": "#353A50",
            "borderRadius": 10,
            "height": "100%",
            "justifyContent": "center",
            "width": "16%",
          }
        }
      >
        <Text />
      </View>
      <View
        style={
          Object {
            "height": "100%",
            "justifyContent": "center",
            "width": "4%",
          }
        }
      />
      <View
        style={
          Object {
            "alignSelf": "flex-end",
            "height": "100%",
            "justifyContent": "center",
            "width": "80%",
          }
        }
      >
        <Text
          style={
            Object {
              "color": "#FFFFFF",
              "fontFamily": "encodeSansExpanded",
              "fontSize": 13,
              "position": "absolute",
            }
          }
        >
          N/A
        </Text>
      </View>
    </View>
    <View
      accessible={true}
      focusable={false}
      isTVSelectable={true}
      onClick={[Function]}
      onResponderGrant={[Function]}
      onResponderMove={[Function]}
      onResponderRelease={[Function]}
      onResponderTerminate={[Function]}
      onResponderTerminationRequest={[Function]}
      onStartShouldSetResponder={[Function]}
      style={
        Object {
          "alignItems": "center",
          "backgroundColor": "transparent",
          "borderBottomWidth": null,
          "borderColor": "#007aff",
          "borderLeftWidth": null,
          "borderRadius": 5,
          "borderRightWidth": null,
          "borderTopWidth": null,
          "borderWidth": undefined,
          "bottom": "47%",
          "elevation": 0,
          "flexDirection": "row",
          "height": "8%",
          "justifyContent": "space-between",
          "opacity": 1,
          "paddingBottom": 6,
          "paddingTop": 6,
          "shadowColor": null,
          "shadowOffset": null,
          "shadowOpacity": null,
          "shadowRadius": null,
          "width": "90%",
        }
      }
    >
      <View
        style={
          Object {
            "backgroundColor": "#353A50",
            "borderRadius": 10,
            "height": "100%",
            "justifyContent": "center",
            "width": "16%",
          }
        }
      >
        <Text />
      </View>
      <View
        style={
          Object {
            "height": "100%",
            "justifyContent": "center",
            "width": "4%",
          }
        }
      />
      <View
        style={
          Object {
            "alignSelf": "flex-end",
            "height": "100%",
            "justifyContent": "center",
            "width": "80%",
          }
        }
      >
        <Text
          style={
            Object {
              "color": "#FFFFFF",
              "fontFamily": "encodeSansExpanded",
              "fontSize": 13,
              "position": "absolute",
            }
          }
        >
          Closed Now
        </Text>
      </View>
    </View>
    <View
      accessible={true}
      focusable={false}
      isTVSelectable={true}
      onClick={[Function]}
      onResponderGrant={[Function]}
      onResponderMove={[Function]}
      onResponderRelease={[Function]}
      onResponderTerminate={[Function]}
      onResponderTerminationRequest={[Function]}
      onStartShouldSetResponder={[Function]}
      style={
        Object {
          "alignItems": "center",
          "backgroundColor": "transparent",
          "borderBottomWidth": null,
          "borderColor": "#007aff",
          "borderLeftWidth": null,
          "borderRadius": 5,
          "borderRightWidth": null,
          "borderTopWidth": null,
          "borderWidth": undefined,
          "bottom": "45%",
          "elevation": 0,
          "flexDirection": "row",
          "height": "8%",
          "justifyContent": "space-between",
          "opacity": 1,
          "paddingBottom": 6,
          "paddingTop": 6,
          "shadowColor": null,
          "shadowOffset": null,
          "shadowOpacity": null,
          "shadowRadius": null,
          "width": "90%",
        }
      }
    >
      <View
        style={
          Object {
            "backgroundColor": "#353A50",
            "borderRadius": 10,
            "height": "100%",
            "justifyContent": "center",
            "width": "16%",
          }
        }
      >
        <Text />
      </View>
      <View
        style={
          Object {
            "height": "100%",
            "justifyContent": "center",
            "width": "4%",
          }
        }
      />
      <View
        style={
          Object {
            "alignSelf": "flex-end",
            "height": "100%",
            "justifyContent": "center",
            "width": "80%",
          }
        }
      >
        <Text
          style={
            Object {
              "color": "#FFFFFF",
              "fontFamily": "encodeSansExpanded",
              "fontSize": 13,
              "position": "absolute",
            }
          }
        >
          N/A
        </Text>
      </View>
    </View>
    <View
      accessible={true}
      focusable={false}
      isTVSelectable={true}
      onClick={[Function]}
      onResponderGrant={[Function]}
      onResponderMove={[Function]}
      onResponderRelease={[Function]}
      onResponderTerminate={[Function]}
      onResponderTerminationRequest={[Function]}
      onStartShouldSetResponder={[Function]}
      style={
        Object {
          "alignItems": "center",
          "backgroundColor": "transparent",
          "borderBottomWidth": null,
          "borderColor": "#007aff",
          "borderLeftWidth": null,
          "borderRadius": 5,
          "borderRightWidth": null,
          "borderTopWidth": null,
          "borderWidth": undefined,
          "bottom": "43%",
          "elevation": 0,
          "flexDirection": "row",
          "height": "8%",
          "justifyContent": "space-between",
          "opacity": 1,
          "paddingBottom": 6,
          "paddingTop": 6,
          "shadowColor": null,
          "shadowOffset": null,
          "shadowOpacity": null,
          "shadowRadius": null,
          "width": "90%",
        }
      }
    >
      <View
        style={
          Object {
            "backgroundColor": "#353A50",
            "borderRadius": 10,
            "height": "100%",
            "justifyContent": "center",
            "width": "16%",
          }
        }
      >
        <Text />
      </View>
      <RCTSafeAreaView
        emulateUnlessSupported={true}
        style={
          Object {
            "height": "100%",
            "justifyContent": "center",
            "width": "4%",
          }
        }
      />
      <View
        style={
          Object {
            "alignSelf": "flex-end",
            "height": "100%",
            "justifyContent": "center",
            "width": "80%",
          }
        }
      >
        <Text
          style={
            Object {
              "color": "#FFFFFF",
              "fontFamily": "encodeSansExpanded",
              "fontSize": 13,
              "position": "absolute",
            }
          }
        >
          Coming Soon
        </Text>
      </View>
    </View>
    <View
      accessible={true}
      focusable={false}
      isTVSelectable={true}
      onClick={[Function]}
      onResponderGrant={[Function]}
      onResponderMove={[Function]}
      onResponderRelease={[Function]}
      onResponderTerminate={[Function]}
      onResponderTerminationRequest={[Function]}
      onStartShouldSetResponder={[Function]}
      style={
        Object {
          "alignItems": "center",
          "backgroundColor": "transparent",
          "borderBottomWidth": null,
          "borderColor": "#007aff",
          "borderLeftWidth": null,
          "borderRadius": 5,
          "borderRightWidth": null,
          "borderTopWidth": null,
          "borderWidth": undefined,
          "bottom": "41%",
          "elevation": 0,
          "flexDirection": "row",
          "height": "8%",
          "justifyContent": "space-between",
          "opacity": 1,
          "paddingBottom": 6,
          "paddingTop": 6,
          "shadowColor": null,
          "shadowOffset": null,
          "shadowOpacity": null,
          "shadowRadius": null,
          "width": "90%",
        }
      }
    >
      <View
        style={
          Object {
            "backgroundColor": "#353A50",
            "borderRadius": 10,
            "height": "100%",
            "justifyContent": "center",
            "width": "16%",
          }
        }
      >
        <Text />
      </View>
      <View
        style={
          Object {
            "height": "100%",
            "justifyContent": "center",
            "width": "4%",
          }
        }
      />
      <View
        style={
          Object {
            "alignSelf": "flex-end",
            "height": "100%",
            "justifyContent": "center",
            "width": "80%",
          }
        }
      >
        <Text
          style={
            Object {
              "color": "#FFFFFF",
              "fontFamily": "encodeSansExpanded",
              "fontSize": 13,
              "position": "absolute",
            }
          }
        >
          Coming Soon
        </Text>
      </View>
    </View>
    <View
      accessible={true}
      focusable={true}
      isTVSelectable={true}
      onClick={[Function]}
      onResponderGrant={[Function]}
      onResponderMove={[Function]}
      onResponderRelease={[Function]}
      onResponderTerminate={[Function]}
      onResponderTerminationRequest={[Function]}
      onStartShouldSetResponder={[Function]}
      style={
        Object {
          "alignItems": "center",
          "backgroundColor": "#3ACCE1",
          "borderBottomWidth": null,
          "borderColor": "#007aff",
          "borderLeftWidth": null,
          "borderRadius": 10,
          "borderRightWidth": null,
          "borderTopWidth": null,
          "borderWidth": undefined,
          "bottom": "8%",
          "elevation": 0,
          "flexDirection": "row",
          "fontSize": 25,
          "height": "8%",
          "justifyContent": "center",
          "opacity": 1,
          "paddingBottom": 6,
          "paddingTop": 6,
          "shadowColor": null,
          "shadowOffset": null,
          "shadowOpacity": null,
          "shadowRadius": null,
          "width": "90%",
        }
      }
    >
      <Text
        style={
          Object {
            "color": "white",
            "fontSize": 14,
          }
        }
      >
        Get Directions
      </Text>
    </View>
  </RCTSafeAreaView>
</View>
`;
