// Jest Snapshot v1, https://goo.gl/fbAQLP

exports[`Settings component renders correctly 1`] = `
<View
  style={
    Object {
      "alignItems": "center",
      "backgroundColor": "#2A2E43",
      "height": "100%",
      "justifyContent": "space-between",
      "width": "100%",
    }
  }
>
  <View
    style={
      Object {
        "height": "6%",
        "top": "7%",
        "width": "100%",
      }
    }
  >
    <View
      accessible={true}
      focusable={true}
      isTVSelectable={true}
      onClick={[Function]}
      onResponderGrant={[Function]}
      onResponderMove={[Function]}
      onResponderRelease={[Function]}
      onResponderTerminate={[Function]}
      onResponderTerminationRequest={[Function]}
      onStartShouldSetResponder={[Function]}
      style={
        Object {
          "flexDirection": "row",
          "height": "100%",
          "justifyContent": "center",
          "opacity": 1,
          "width": "20%",
        }
      }
    >
      <Text />
    </View>
  </View>
  <Text
    style={
      Object {
        "color": "#FFFFFF",
        "fontFamily": "encodeSansExpanded",
        "fontSize": 25,
        "fontWeight": "bold",
        "marginBottom": "5%",
        "marginTop": "5%",
      }
    }
  >
    Settings
  </Text>
  <View
    style={
      Object {
        "backgroundColor": "#353A50",
        "flexDirection": "column",
        "height": "25%",
        "width": "100%",
      }
    }
  >
    <RCTScrollView
      collapsable={false}
      onGestureHandlerEvent={[Function]}
      onGestureHandlerStateChange={[Function]}
      scrollEnabled={false}
    >
      <View>
        <View
          style={
            Object {
              "backgroundColor": "#353A50",
              "flexDirection": "column",
              "height": "100%",
              "justifyContent": "center",
              "width": "100%",
            }
          }
        >
          <Text
            style={
              Object {
                "color": "#FFF",
                "fontFamily": "encodeSansExpanded",
                "fontSize": 18,
                "marginHorizontal": "10%",
              }
            }
          >
            Notifications
          </Text>
          <Text
            style={
              Object {
                "color": "#FFF",
                "fontFamily": "encodeSansExpanded",
                "marginHorizontal": "10%",
                "opacity": 0.3,
              }
            }
          >
            Current Status is 
            OFF
          </Text>
          <View
            style={
              Object {
                "left": "80%",
                "position": "absolute",
                "top": "30%",
              }
            }
          >
            <RCTSwitch
              accessibilityRole="button"
              onChange={[Function]}
              onResponderTerminationRequest={[Function]}
              onStartShouldSetResponder={[Function]}
              style={
                Object {
                  "height": 31,
                  "width": 51,
                }
              }
              value={false}
            />
          </View>
        </View>
        <View
          style={
            Object {
              "backgroundColor": "#353A50",
              "flexDirection": "column",
              "height": "100%",
              "justifyContent": "center",
              "top": "20%",
              "width": "100%",
            }
          }
        >
          <Text
            adjustsFontSizeToFit={true}
            style={
              Object {
                "color": "#FFF",
                "fontFamily": "encodeSansExpanded",
                "fontSize": 18,
                "marginHorizontal": "10%",
              }
            }
          >
            Google Calendar Sync
          </Text>
          <Text
            style={
              Object {
                "color": "#FFF",
                "fontFamily": "encodeSansExpanded",
                "marginHorizontal": "10%",
                "opacity": 0.3,
              }
            }
          >
            Current Status is 
            OFF
          </Text>
          <View
            style={
              Object {
                "left": "80%",
                "position": "absolute",
                "top": "30%",
              }
            }
          >
            <RCTSwitch
              accessibilityRole="button"
              onChange={[Function]}
              onResponderTerminationRequest={[Function]}
              onStartShouldSetResponder={[Function]}
              style={
                Object {
                  "height": 31,
                  "width": 51,
                }
              }
              value={false}
            />
          </View>
        </View>
      </View>
    </RCTScrollView>
  </View>
  <View
    style={
      Object {
        "flexDirection": "column",
        "height": "60%",
        "marginLeft": 20,
        "width": "100%",
      }
    }
  />
</View>
`;
