// Jest Snapshot v1, https://goo.gl/fbAQLP

exports[`Toggle Campus component renders correctly 1`] = `
<RCTSwitch
  accessibilityRole="button"
  onChange={[Function]}
  onResponderTerminationRequest={[Function]}
  onStartShouldSetResponder={[Function]}
  onTintColor="green"
  style={
    Object {
      "height": 31,
      "width": 51,
    }
  }
  tintColor="red"
  value={true}
/>
`;
